node:internal/modules/esm/resolve:873
  throw new ERR_MODULE_NOT_FOUND(packageName, fileURLToPath(base), null);
        ^

Error [ERR_MODULE_NOT_FOUND]: Cannot find package 'next' imported from /home3/reusema9/admin2.reuse-mart.com/abs-web/server.js
    at packageResolve (node:internal/modules/esm/resolve:873:9)
    at moduleResolve (node:internal/modules/esm/resolve:946:18)
    at defaultResolve (node:internal/modules/esm/resolve:1188:11)
    at ModuleLoader.defaultResolve (node:internal/modules/esm/loader:642:12)
    at #cachedDefaultResolve (node:internal/modules/esm/loader:591:25)
    at ModuleLoader.resolve (node:internal/modules/esm/loader:574:38)
    at ModuleLoader.getModuleJobForImport (node:internal/modules/esm/loader:236:38)
    at ModuleLoader.import (node:internal/modules/esm/loader:539:34)
    at defaultImportModuleDynamicallyForScript (node:internal/modules/esm/utils:234:31)
    at importModuleDynamicallyCallback (node:internal/modules/esm/utils:256:12) {
  code: 'ERR_MODULE_NOT_FOUND'
}

Node.js v20.19.4
node:internal/modules/esm/resolve:873
  throw new ERR_MODULE_NOT_FOUND(packageName, fileURLToPath(base), null);
        ^

Error [ERR_MODULE_NOT_FOUND]: Cannot find package 'next' imported from /home3/reusema9/admin2.reuse-mart.com/abs-web/server.js
    at packageResolve (node:internal/modules/esm/resolve:873:9)
    at moduleResolve (node:internal/modules/esm/resolve:946:18)
    at defaultResolve (node:internal/modules/esm/resolve:1188:11)
    at ModuleLoader.defaultResolve (node:internal/modules/esm/loader:642:12)
    at #cachedDefaultResolve (node:internal/modules/esm/loader:591:25)
    at ModuleLoader.resolve (node:internal/modules/esm/loader:574:38)
    at ModuleLoader.getModuleJobForImport (node:internal/modules/esm/loader:236:38)
    at ModuleLoader.import (node:internal/modules/esm/loader:539:34)
    at defaultImportModuleDynamicallyForScript (node:internal/modules/esm/utils:234:31)
    at importModuleDynamicallyCallback (node:internal/modules/esm/utils:256:12) {
  code: 'ERR_MODULE_NOT_FOUND'
}

Node.js v20.19.4
node:internal/modules/esm/resolve:873
  throw new ERR_MODULE_NOT_FOUND(packageName, fileURLToPath(base), null);
        ^

Error [ERR_MODULE_NOT_FOUND]: Cannot find package 'next' imported from /home3/reusema9/admin2.reuse-mart.com/abs-web/server.js
    at packageResolve (node:internal/modules/esm/resolve:873:9)
    at moduleResolve (node:internal/modules/esm/resolve:946:18)
    at defaultResolve (node:internal/modules/esm/resolve:1188:11)
    at ModuleLoader.defaultResolve (node:internal/modules/esm/loader:642:12)
    at #cachedDefaultResolve (node:internal/modules/esm/loader:591:25)
    at ModuleLoader.resolve (node:internal/modules/esm/loader:574:38)
    at ModuleLoader.getModuleJobForImport (node:internal/modules/esm/loader:236:38)
    at ModuleLoader.import (node:internal/modules/esm/loader:539:34)
    at defaultImportModuleDynamicallyForScript (node:internal/modules/esm/utils:234:31)
    at importModuleDynamicallyCallback (node:internal/modules/esm/utils:256:12) {
  code: 'ERR_MODULE_NOT_FOUND'
}

Node.js v20.19.4
node:internal/modules/esm/resolve:873
  throw new ERR_MODULE_NOT_FOUND(packageName, fileURLToPath(base), null);
        ^

Error [ERR_MODULE_NOT_FOUND]: Cannot find package 'next' imported from /home3/reusema9/admin2.reuse-mart.com/abs-web/server.js
    at packageResolve (node:internal/modules/esm/resolve:873:9)
    at moduleResolve (node:internal/modules/esm/resolve:946:18)
    at defaultResolve (node:internal/modules/esm/resolve:1188:11)
    at ModuleLoader.defaultResolve (node:internal/modules/esm/loader:642:12)
    at #cachedDefaultResolve (node:internal/modules/esm/loader:591:25)
    at ModuleLoader.resolve (node:internal/modules/esm/loader:574:38)
    at ModuleLoader.getModuleJobForImport (node:internal/modules/esm/loader:236:38)
    at ModuleLoader.import (node:internal/modules/esm/loader:539:34)
    at defaultImportModuleDynamicallyForScript (node:internal/modules/esm/utils:234:31)
    at importModuleDynamicallyCallback (node:internal/modules/esm/utils:256:12) {
  code: 'ERR_MODULE_NOT_FOUND'
}

Node.js v20.19.4
node:internal/modules/esm/resolve:873
  throw new ERR_MODULE_NOT_FOUND(packageName, fileURLToPath(base), null);
        ^

Error [ERR_MODULE_NOT_FOUND]: Cannot find package 'next' imported from /home3/reusema9/admin2.reuse-mart.com/abs-web/server.js
    at packageResolve (node:internal/modules/esm/resolve:873:9)
    at moduleResolve (node:internal/modules/esm/resolve:946:18)
    at defaultResolve (node:internal/modules/esm/resolve:1188:11)
    at ModuleLoader.defaultResolve (node:internal/modules/esm/loader:642:12)
    at #cachedDefaultResolve (node:internal/modules/esm/loader:591:25)
    at ModuleLoader.resolve (node:internal/modules/esm/loader:574:38)
    at ModuleLoader.getModuleJobForImport (node:internal/modules/esm/loader:236:38)
    at ModuleLoader.import (node:internal/modules/esm/loader:539:34)
    at defaultImportModuleDynamicallyForScript (node:internal/modules/esm/utils:234:31)
    at importModuleDynamicallyCallback (node:internal/modules/esm/utils:256:12) {
  code: 'ERR_MODULE_NOT_FOUND'
}

Node.js v20.19.4
node:internal/modules/esm/resolve:873
  throw new ERR_MODULE_NOT_FOUND(packageName, fileURLToPath(base), null);
        ^

Error [ERR_MODULE_NOT_FOUND]: Cannot find package 'next' imported from /home3/reusema9/admin2.reuse-mart.com/abs-web/server.js
    at packageResolve (node:internal/modules/esm/resolve:873:9)
    at moduleResolve (node:internal/modules/esm/resolve:946:18)
    at defaultResolve (node:internal/modules/esm/resolve:1188:11)
    at ModuleLoader.defaultResolve (node:internal/modules/esm/loader:642:12)
    at #cachedDefaultResolve (node:internal/modules/esm/loader:591:25)
    at ModuleLoader.resolve (node:internal/modules/esm/loader:574:38)
    at ModuleLoader.getModuleJobForImport (node:internal/modules/esm/loader:236:38)
    at ModuleLoader.import (node:internal/modules/esm/loader:539:34)
    at defaultImportModuleDynamicallyForScript (node:internal/modules/esm/utils:234:31)
    at importModuleDynamicallyCallback (node:internal/modules/esm/utils:256:12) {
  code: 'ERR_MODULE_NOT_FOUND'
}

Node.js v20.19.4
node:internal/modules/esm/resolve:873
  throw new ERR_MODULE_NOT_FOUND(packageName, fileURLToPath(base), null);
        ^

Error [ERR_MODULE_NOT_FOUND]: Cannot find package 'next' imported from /home3/reusema9/admin2.reuse-mart.com/abs-web/server.js
    at packageResolve (node:internal/modules/esm/resolve:873:9)
    at moduleResolve (node:internal/modules/esm/resolve:946:18)
    at defaultResolve (node:internal/modules/esm/resolve:1188:11)
    at ModuleLoader.defaultResolve (node:internal/modules/esm/loader:642:12)
    at #cachedDefaultResolve (node:internal/modules/esm/loader:591:25)
    at ModuleLoader.resolve (node:internal/modules/esm/loader:574:38)
    at ModuleLoader.getModuleJobForImport (node:internal/modules/esm/loader:236:38)
    at ModuleLoader.import (node:internal/modules/esm/loader:539:34)
    at defaultImportModuleDynamicallyForScript (node:internal/modules/esm/utils:234:31)
    at importModuleDynamicallyCallback (node:internal/modules/esm/utils:256:12) {
  code: 'ERR_MODULE_NOT_FOUND'
}

Node.js v20.19.4
node:internal/modules/esm/resolve:873
  throw new ERR_MODULE_NOT_FOUND(packageName, fileURLToPath(base), null);
        ^

Error [ERR_MODULE_NOT_FOUND]: Cannot find package 'next' imported from /home3/reusema9/admin2.reuse-mart.com/abs-web/server.js
    at packageResolve (node:internal/modules/esm/resolve:873:9)
    at moduleResolve (node:internal/modules/esm/resolve:946:18)
    at defaultResolve (node:internal/modules/esm/resolve:1188:11)
    at ModuleLoader.defaultResolve (node:internal/modules/esm/loader:642:12)
    at #cachedDefaultResolve (node:internal/modules/esm/loader:591:25)
    at ModuleLoader.resolve (node:internal/modules/esm/loader:574:38)
    at ModuleLoader.getModuleJobForImport (node:internal/modules/esm/loader:236:38)
    at ModuleLoader.import (node:internal/modules/esm/loader:539:34)
    at defaultImportModuleDynamicallyForScript (node:internal/modules/esm/utils:234:31)
    at importModuleDynamicallyCallback (node:internal/modules/esm/utils:256:12) {
  code: 'ERR_MODULE_NOT_FOUND'
}

Node.js v20.19.4
node:internal/modules/esm/resolve:873
  throw new ERR_MODULE_NOT_FOUND(packageName, fileURLToPath(base), null);
        ^

Error [ERR_MODULE_NOT_FOUND]: Cannot find package 'next' imported from /home3/reusema9/admin2.reuse-mart.com/abs-web/server.js
    at packageResolve (node:internal/modules/esm/resolve:873:9)
    at moduleResolve (node:internal/modules/esm/resolve:946:18)
    at defaultResolve (node:internal/modules/esm/resolve:1188:11)
    at ModuleLoader.defaultResolve (node:internal/modules/esm/loader:642:12)
    at #cachedDefaultResolve (node:internal/modules/esm/loader:591:25)
    at ModuleLoader.resolve (node:internal/modules/esm/loader:574:38)
    at ModuleLoader.getModuleJobForImport (node:internal/modules/esm/loader:236:38)
    at ModuleLoader.import (node:internal/modules/esm/loader:539:34)
    at defaultImportModuleDynamicallyForScript (node:internal/modules/esm/utils:234:31)
    at importModuleDynamicallyCallback (node:internal/modules/esm/utils:256:12) {
  code: 'ERR_MODULE_NOT_FOUND'
}

Node.js v20.19.4
 ⚠ "next start" does not work with "output: standalone" configuration. Use "node .next/standalone/server.js" instead.
 ⚠ "next start" does not work with "output: standalone" configuration. Use "node .next/standalone/server.js" instead.
 ⚠ "next start" does not work with "output: standalone" configuration. Use "node .next/standalone/server.js" instead.
